#-----------------------------------------------------------
# Vivado v2020.2 (64-bit)
# SW Build 3064766 on Wed Nov 18 09:12:45 MST 2020
# IP Build 3064653 on Wed Nov 18 14:17:31 MST 2020
# Start of session at: Mon Oct 16 13:24:41 2023
# Process ID: 11784
# Current directory: D:/253263/koder
# Command line: vivado.exe -gui_launcher_event rodinguilauncherevent8660 D:\253263\koder\koder.xpr
# Log file: D:/253263/koder/vivado.log
# Journal file: D:/253263/koder\vivado.jou
#-----------------------------------------------------------
start_gui
open_project D:/253263/koder/koder.xpr
update_compile_order -fileset sources_1
file mkdir D:/253263/koder/koder.srcs/sim_1/new
set_property SOURCE_SET sources_1 [get_filesets sim_1]
close [ open D:/253263/koder/koder.srcs/sim_1/new/test.vhd w ]
add_files -fileset sim_1 D:/253263/koder/koder.srcs/sim_1/new/test.vhd
update_compile_order -fileset sim_1
update_compile_order -fileset sim_1
launch_runs synth_1 -jobs 2
wait_on_run synth_1
reset_run synth_1
launch_runs synth_1 -jobs 2
wait_on_run synth_1
launch_runs impl_1 -jobs 2
wait_on_run impl_1
launch_simulation
source test.tcl
update_compile_order -fileset sources_1
update_compile_order -fileset sources_1
reset_run synth_1
launch_runs synth_1 -jobs 2
wait_on_run synth_1
close_sim
launch_simulation
launch_simulation
source test.tcl
close_sim
launch_simulation
source test.tcl
close_sim
